F u g u e   R E G O   T o o l k i t
fregot v0.1.0 repl - use :help for usage info
Enter an expression to evaluate it.
Enter a rule to add it to the current package.

Other commands:
  :help  show this info
  :quit  exit the repl
  :load  load a rego file, e.g. `:load foo.rego`
